07-20 22:52:46.986 I/Xposed  (14681): Found com.baidu.tieba.ala.personcenter.guardian.AlaGuardianListActivityStatic
07-20 22:52:46.986 I/Xposed  (14681): Found com.baidu.tieba.ala.alasquare.liveroomlivetab.AlaLiveRoomLiveTabStatic
07-20 22:52:46.986 I/Xposed  (14681): Found com.baidu.tieba.ala.alasquare.liveroomlivetab.AlaLiveRoomLiveTabStatic
07-20 22:52:46.986 I/Xposed  (14681): Found com.baidu.tieba.ala.alasquare.liveroomlivetab.AlaLiveRoomLiveTabStatic
07-20 22:52:46.986 I/Xposed  (14554): Found com.baidu.tieba.ala.personcenter.guardian.AlaGuardianListActivityStatic
07-20 22:52:46.986 I/Xposed  (14554): Found com.baidu.tieba.ala.personcenter.guardian.AlaGuardianListActivityStatic
07-20 22:52:46.986 I/Xposed  (14554): Found com.baidu.tieba.ala.personcenter.guardian.AlaGuardianListActivityStatic
07-20 22:52:46.986 I/Xposed  (14554): Found com.baidu.tieba.ala.personcenter.guardian.AlaGuardianListActivityStatic
07-20 22:52:46.987 I/Xposed  (14554): Found com.baidu.tieba.ala.personcenter.guardian.AlaGuardianListActivityStatic
07-20 22:52:46.987 I/Xposed  (14554): Found com.baidu.tieba.ala.personcenter.guardian.AlaGuardianListActivityStatic
07-20 22:52:46.987 I/Xposed  (14554): Found com.baidu.tieba.ala.personcenter.guardian.AlaGuardianListActivityStatic
07-20 22:52:46.987 I/Xposed  (14554): Found com.baidu.tieba.ala.personcenter.guardian.AlaGuardianListActivityStatic
07-20 22:52:46.987 I/Xposed  (14554): Found com.baidu.tieba.ala.personcenter.guardian.AlaGuardianListActivityStatic
07-20 22:52:46.987 I/Xposed  (14681): Found com.baidu.tieba.ala.alasquare.live.AlaAllLiveSimpleActivityStatic
07-20 22:52:46.987 I/Xposed  (14681): Found com.baidu.tieba.ala.alasquare.live.AlaAllLiveSimpleActivityStatic
07-20 22:52:46.987 I/Xposed  (14681): Found com.baidu.tieba.ala.alasquare.live.AlaAllLiveSimpleActivityStatic
07-20 22:52:46.987 I/Xposed  (14554): Found com.baidu.tieba.ala.alasquare.liveroomlivetab.AlaLiveRoomLiveTabStatic
07-20 22:52:46.987 I/Xposed  (14554): Found com.baidu.tieba.ala.alasquare.liveroomlivetab.AlaLiveRoomLiveTabStatic
07-20 22:52:46.987 I/Xposed  (14554): Found com.baidu.tieba.ala.alasquare.liveroomlivetab.AlaLiveRoomLiveTabStatic
07-20 22:52:46.987 I/Xposed  (14554): Found com.baidu.tieba.ala.alasquare.liveroomlivetab.AlaLiveRoomLiveTabStatic
07-20 22:52:46.987 I/Xposed  (14554): Found com.baidu.tieba.ala.alasquare.liveroomlivetab.AlaLiveRoomLiveTabStatic
07-20 22:52:46.987 I/Xposed  (14554): Found com.baidu.tieba.ala.alasquare.liveroomlivetab.AlaLiveRoomLiveTabStatic
07-20 22:52:46.987 I/Xposed  (14554): Found com.baidu.tieba.ala.alasquare.liveroomlivetab.AlaLiveRoomLiveTabStatic
07-20 22:52:46.987 I/Xposed  (14554): Found com.baidu.tieba.ala.alasquare.liveroomlivetab.AlaLiveRoomLiveTabStatic
07-20 22:52:46.987 I/Xposed  (14554): Found com.baidu.tieba.ala.alasquare.liveroomlivetab.AlaLiveRoomLiveTabStatic
07-20 22:52:46.988 I/Xposed  (14681): Found com.baidu.tieba.ala.alasquare.subtablist.AlaNewSquareSubListStatic
07-20 22:52:46.988 I/Xposed  (14681): Found com.baidu.tieba.ala.alasquare.subtablist.AlaNewSquareSubListStatic
07-20 22:52:46.988 I/Xposed  (14681): Found com.baidu.tieba.ala.alasquare.subtablist.AlaNewSquareSubListStatic
07-20 22:52:46.988 I/Xposed  (14554): Found com.baidu.tieba.ala.alasquare.live.AlaAllLiveSimpleActivityStatic
07-20 22:52:46.988 I/Xposed  (14554): Found com.baidu.tieba.ala.alasquare.live.AlaAllLiveSimpleActivityStatic
07-20 22:52:46.988 I/Xposed  (14554): Found com.baidu.tieba.ala.alasquare.live.AlaAllLiveSimpleActivityStatic
07-20 22:52:46.988 I/Xposed  (14554): Found com.baidu.tieba.ala.alasquare.live.AlaAllLiveSimpleActivityStatic
07-20 22:52:46.988 I/Xposed  (14554): Found com.baidu.tieba.ala.alasquare.live.AlaAllLiveSimpleActivityStatic
07-20 22:52:46.988 I/Xposed  (14554): Found com.baidu.tieba.ala.alasquare.live.AlaAllLiveSimpleActivityStatic
07-20 22:52:46.989 I/Xposed  (14554): Found com.baidu.tieba.ala.alasquare.live.AlaAllLiveSimpleActivityStatic
07-20 22:52:46.989 I/Xposed  (14554): Found com.baidu.tieba.ala.alasquare.live.AlaAllLiveSimpleActivityStatic
07-20 22:52:46.989 I/Xposed  (14554): Found com.baidu.tieba.ala.alasquare.live.AlaAllLiveSimpleActivityStatic
07-20 22:52:46.989 I/Xposed  (14681): Found com.baidu.tieba.ala.alasquare.widget.AlaSquareEntranceStatic
07-20 22:52:46.989 I/Xposed  (14681): Found com.baidu.tieba.ala.alasquare.widget.AlaSquareEntranceStatic
07-20 22:52:46.989 I/Xposed  (14681): Found com.baidu.tieba.ala.alasquare.widget.AlaSquareEntranceStatic
07-20 22:52:46.989 I/Xposed  (14554): Found com.baidu.tieba.ala.alasquare.subtablist.AlaNewSquareSubListStatic
07-20 22:52:46.989 I/Xposed  (14681): Found com.baidu.tieba.ala.alasquare.AlaSquareDelegateStatic
07-20 22:52:46.989 I/Xposed  (14554): Found com.baidu.tieba.ala.alasquare.subtablist.AlaNewSquareSubListStatic
07-20 22:52:46.989 I/Xposed  (14681): Found com.baidu.tieba.ala.alasquare.AlaSquareDelegateStatic
07-20 22:52:46.989 I/Xposed  (14554): Found com.baidu.tieba.ala.alasquare.subtablist.AlaNewSquareSubListStatic
07-20 22:52:46.989 I/Xposed  (14681): Found com.baidu.tieba.ala.alasquare.AlaSquareDelegateStatic
07-20 22:52:46.990 I/Xposed  (14554): Found com.baidu.tieba.ala.alasquare.subtablist.AlaNewSquareSubListStatic
07-20 22:52:46.990 I/Xposed  (14554): Found com.baidu.tieba.ala.alasquare.subtablist.AlaNewSquareSubListStatic
07-20 22:52:46.990 I/Xposed  (14554): Found com.baidu.tieba.ala.alasquare.subtablist.AlaNewSquareSubListStatic
07-20 22:52:46.990 I/Xposed  (14554): Found com.baidu.tieba.ala.alasquare.subtablist.AlaNewSquareSubListStatic
07-20 22:52:46.990 I/Xposed  (14554): Found com.baidu.tieba.ala.alasquare.subtablist.AlaNewSquareSubListStatic
07-20 22:52:46.990 I/Xposed  (14554): Found com.baidu.tieba.ala.alasquare.subtablist.AlaNewSquareSubListStatic
07-20 22:52:46.991 I/Xposed  (14554): Found com.baidu.tieba.ala.alasquare.widget.AlaSquareEntranceStatic
07-20 22:52:46.991 I/Xposed  (14554): Found com.baidu.tieba.ala.alasquare.widget.AlaSquareEntranceStatic
07-20 22:52:46.991 I/Xposed  (14554): Found com.baidu.tieba.ala.alasquare.widget.AlaSquareEntranceStatic
07-20 22:52:46.991 I/Xposed  (14554): Found com.baidu.tieba.ala.alasquare.widget.AlaSquareEntranceStatic
07-20 22:52:46.991 I/Xposed  (14554): Found com.baidu.tieba.ala.alasquare.widget.AlaSquareEntranceStatic
07-20 22:52:46.991 I/Xposed  (14554): Found com.baidu.tieba.ala.alasquare.widget.AlaSquareEntranceStatic
07-20 22:52:46.991 I/Xposed  (14554): Found com.baidu.tieba.ala.alasquare.widget.AlaSquareEntranceStatic
07-20 22:52:46.991 I/Xposed  (14554): Found com.baidu.tieba.ala.alasquare.widget.AlaSquareEntranceStatic
07-20 22:52:46.991 I/Xposed  (14554): Found com.baidu.tieba.ala.alasquare.widget.AlaSquareEntranceStatic
07-20 22:52:46.991 I/Xposed  (14554): Found com.baidu.tieba.ala.alasquare.AlaSquareDelegateStatic
07-20 22:52:46.991 I/Xposed  (14554): Found com.baidu.tieba.ala.alasquare.AlaSquareDelegateStatic
07-20 22:52:46.991 I/Xposed  (14554): Found com.baidu.tieba.ala.alasquare.AlaSquareDelegateStatic
07-20 22:52:46.991 I/Xposed  (14554): Found com.baidu.tieba.ala.alasquare.AlaSquareDelegateStatic
07-20 22:52:46.991 I/Xposed  (14554): Found com.baidu.tieba.ala.alasquare.AlaSquareDelegateStatic
07-20 22:52:46.992 I/Xposed  (14554): Found com.baidu.tieba.ala.alasquare.AlaSquareDelegateStatic
07-20 22:52:46.992 I/Xposed  (14554): Found com.baidu.tieba.ala.alasquare.AlaSquareDelegateStatic
07-20 22:52:46.992 I/Xposed  (14554): Found com.baidu.tieba.ala.alasquare.AlaSquareDelegateStatic
07-20 22:52:46.992 I/Xposed  (14554): Found com.baidu.tieba.ala.alasquare.AlaSquareDelegateStatic
07-20 22:52:47.000 I/Xposed  (14681): Found com.baidu.tieba.ala.alasquare.special_forum.AlaSpecialLiveTabStatic
07-20 22:52:47.000 I/Xposed  (14681): Found com.baidu.tieba.ala.alasquare.special_forum.AlaSpecialLiveTabStatic
07-20 22:52:47.000 I/Xposed  (14681): Found com.baidu.tieba.ala.alasquare.special_forum.AlaSpecialLiveTabStatic
07-20 22:52:47.001 I/Xposed  (14681): Found com.baidu.tieba.ala.floatwindow.AlaFloatWindowStatic
07-20 22:52:47.001 I/Xposed  (14681): Found com.baidu.tieba.ala.floatwindow.AlaFloatWindowStatic
07-20 22:52:47.001 I/Xposed  (14681): Found com.baidu.tieba.ala.floatwindow.AlaFloatWindowStatic
07-20 22:52:47.002 I/Xposed  (14681): Found com.baidu.tieba.danmaku.AlaDanmakuStatic
07-20 22:52:47.002 I/Xposed  (14681): Found com.baidu.tieba.danmaku.AlaDanmakuStatic
07-20 22:52:47.002 I/Xposed  (14681): Found com.baidu.tieba.danmaku.AlaDanmakuStatic
07-20 22:52:47.003 I/Xposed  (14681): Found com.baidu.tieba.ala.AlaRankListActivityStatic
07-20 22:52:47.004 I/Xposed  (14681): Found com.baidu.tieba.ala.AlaRankListActivityStatic
07-20 22:52:47.004 I/Xposed  (14554): Found com.baidu.tieba.ala.alasquare.special_forum.AlaSpecialLiveTabStatic
07-20 22:52:47.004 I/Xposed  (14554): Found com.baidu.tieba.ala.alasquare.special_forum.AlaSpecialLiveTabStatic
07-20 22:52:47.004 I/Xposed  (14681): Found com.baidu.tieba.ala.AlaRankListActivityStatic
07-20 22:52:47.004 I/Xposed  (14554): Found com.baidu.tieba.ala.alasquare.special_forum.AlaSpecialLiveTabStatic
07-20 22:52:47.004 I/Xposed  (14554): Found com.baidu.tieba.ala.alasquare.special_forum.AlaSpecialLiveTabStatic
07-20 22:52:47.004 I/Xposed  (14554): Found com.baidu.tieba.ala.alasquare.special_forum.AlaSpecialLiveTabStatic
07-20 22:52:47.004 I/Xposed  (14554): Found com.baidu.tieba.ala.alasquare.special_forum.AlaSpecialLiveTabStatic
07-20 22:52:47.004 I/Xposed  (14554): Found com.baidu.tieba.ala.alasquare.special_forum.AlaSpecialLiveTabStatic
07-20 22:52:47.004 I/Xposed  (14554): Found com.baidu.tieba.ala.alasquare.special_forum.AlaSpecialLiveTabStatic
07-20 22:52:47.004 I/Xposed  (14554): Found com.baidu.tieba.ala.alasquare.special_forum.AlaSpecialLiveTabStatic
07-20 22:52:47.005 I/Xposed  (14681): Found com.baidu.tieba.ala.AlaFreeGiftTaskStatic
07-20 22:52:47.005 I/Xposed  (14681): Found com.baidu.tieba.ala.AlaFreeGiftTaskStatic
07-20 22:52:47.005 I/Xposed  (14554): Found com.baidu.tieba.ala.floatwindow.AlaFloatWindowStatic
07-20 22:52:47.005 I/Xposed  (14681): Found com.baidu.tieba.ala.AlaFreeGiftTaskStatic
07-20 22:52:47.005 I/Xposed  (14554): Found com.baidu.tieba.ala.floatwindow.AlaFloatWindowStatic
07-20 22:52:47.005 I/Xposed  (14554): Found com.baidu.tieba.ala.floatwindow.AlaFloatWindowStatic
07-20 22:52:47.005 I/Xposed  (14554): Found com.baidu.tieba.ala.floatwindow.AlaFloatWindowStatic
07-20 22:52:47.006 I/Xposed  (14554): Found com.baidu.tieba.ala.floatwindow.AlaFloatWindowStatic
07-20 22:52:47.006 I/Xposed  (14554): Found com.baidu.tieba.ala.floatwindow.AlaFloatWindowStatic
07-20 22:52:47.006 I/Xposed  (14554): Found com.baidu.tieba.ala.floatwindow.AlaFloatWindowStatic
07-20 22:52:47.006 I/Xposed  (14554): Found com.baidu.tieba.ala.floatwindow.AlaFloatWindowStatic
07-20 22:52:47.006 I/Xposed  (14554): Found com.baidu.tieba.ala.floatwindow.AlaFloatWindowStatic
07-20 22:52:47.006 I/Xposed  (14554): Found com.baidu.tieba.danmaku.AlaDanmakuStatic
07-20 22:52:47.006 I/Xposed  (14554): Found com.baidu.tieba.danmaku.AlaDanmakuStatic
07-20 22:52:47.006 I/Xposed  (14554): Found com.baidu.tieba.danmaku.AlaDanmakuStatic
07-20 22:52:47.006 I/Xposed  (14554): Found com.baidu.tieba.danmaku.AlaDanmakuStatic
07-20 22:52:47.006 I/Xposed  (14554): Found com.baidu.tieba.danmaku.AlaDanmakuStatic
07-20 22:52:47.006 I/Xposed  (14554): Found com.baidu.tieba.danmaku.AlaDanmakuStatic
07-20 22:52:47.007 I/Xposed  (14554): Found com.baidu.tieba.danmaku.AlaDanmakuStatic
07-20 22:52:47.007 I/Xposed  (14554): Found com.baidu.tieba.danmaku.AlaDanmakuStatic
07-20 22:52:47.007 I/Xposed  (14554): Found com.baidu.tieba.danmaku.AlaDanmakuStatic
07-20 22:52:47.007 I/Xposed  (14681): Found com.baidu.tieba.ala.achievement.AlaAchievementStatic
07-20 22:52:47.007 I/Xposed  (14681): Found com.baidu.tieba.ala.achievement.AlaAchievementStatic
07-20 22:52:47.007 I/Xposed  (14681): Found com.baidu.tieba.ala.achievement.AlaAchievementStatic
07-20 22:52:47.007 I/Xposed  (14681): Found com.baidu.tieba.fansfamily.FansFamilyStatic
07-20 22:52:47.007 I/Xposed  (14681): Found com.baidu.tieba.fansfamily.FansFamilyStatic
07-20 22:52:47.007 I/Xposed  (14681): Found com.baidu.tieba.fansfamily.FansFamilyStatic
07-20 22:52:47.009 I/Xposed  (14554): Found com.baidu.tieba.ala.AlaRankListActivityStatic
07-20 22:52:47.009 I/Xposed  (14554): Found com.baidu.tieba.ala.AlaRankListActivityStatic
07-20 22:52:47.009 I/Xposed  (14554): Found com.baidu.tieba.ala.AlaRankListActivityStatic
07-20 22:52:47.009 I/Xposed  (14554): Found com.baidu.tieba.ala.AlaRankListActivityStatic
07-20 22:52:47.009 I/Xposed  (14554): Found com.baidu.tieba.ala.AlaRankListActivityStatic
07-20 22:52:47.009 I/Xposed  (14554): Found com.baidu.tieba.ala.AlaRankListActivityStatic
07-20 22:52:47.009 I/Xposed  (14554): Found com.baidu.tieba.ala.AlaRankListActivityStatic
07-20 22:52:47.009 I/Xposed  (14554): Found com.baidu.tieba.ala.AlaRankListActivityStatic
07-20 22:52:47.009 I/Xposed  (14554): Found com.baidu.tieba.ala.AlaRankListActivityStatic
07-20 22:52:47.011 I/Xposed  (14554): Found com.baidu.tieba.ala.AlaFreeGiftTaskStatic
07-20 22:52:47.011 I/Xposed  (14554): Found com.baidu.tieba.ala.AlaFreeGiftTaskStatic
07-20 22:52:47.011 I/Xposed  (14554): Found com.baidu.tieba.ala.AlaFreeGiftTaskStatic
07-20 22:52:47.011 I/Xposed  (14554): Found com.baidu.tieba.ala.AlaFreeGiftTaskStatic
07-20 22:52:47.011 I/Xposed  (14554): Found com.baidu.tieba.ala.AlaFreeGiftTaskStatic
07-20 22:52:47.011 I/Xposed  (14554): Found com.baidu.tieba.ala.AlaFreeGiftTaskStatic
07-20 22:52:47.011 I/Xposed  (14554): Found com.baidu.tieba.ala.AlaFreeGiftTaskStatic
07-20 22:52:47.011 I/Xposed  (14554): Found com.baidu.tieba.ala.AlaFreeGiftTaskStatic
07-20 22:52:47.011 I/Xposed  (14554): Found com.baidu.tieba.ala.AlaFreeGiftTaskStatic
07-20 22:52:47.013 I/Xposed  (14554): Found com.baidu.tieba.ala.achievement.AlaAchievementStatic
07-20 22:52:47.013 I/Xposed  (14554): Found com.baidu.tieba.ala.achievement.AlaAchievementStatic
07-20 22:52:47.013 I/Xposed  (14554): Found com.baidu.tieba.ala.achievement.AlaAchievementStatic
07-20 22:52:47.013 I/Xposed  (14554): Found com.baidu.tieba.ala.achievement.AlaAchievementStatic
07-20 22:52:47.013 I/Xposed  (14554): Found com.baidu.tieba.ala.achievement.AlaAchievementStatic
07-20 22:52:47.013 I/Xposed  (14554): Found com.baidu.tieba.ala.achievement.AlaAchievementStatic
07-20 22:52:47.013 I/Xposed  (14554): Found com.baidu.tieba.ala.achievement.AlaAchievementStatic
07-20 22:52:47.013 I/Xposed  (14554): Found com.baidu.tieba.ala.achievement.AlaAchievementStatic
07-20 22:52:47.013 I/Xposed  (14554): Found com.baidu.tieba.ala.achievement.AlaAchievementStatic
07-20 22:52:47.016 I/Xposed  (14554): Found com.baidu.tieba.fansfamily.FansFamilyStatic
07-20 22:52:47.016 I/Xposed  (14554): Found com.baidu.tieba.fansfamily.FansFamilyStatic
07-20 22:52:47.016 I/Xposed  (14554): Found com.baidu.tieba.fansfamily.FansFamilyStatic
07-20 22:52:47.016 I/Xposed  (14554): Found com.baidu.tieba.fansfamily.FansFamilyStatic
07-20 22:52:47.016 I/Xposed  (14554): Found com.baidu.tieba.fansfamily.FansFamilyStatic
07-20 22:52:47.016 I/Xposed  (14554): Found com.baidu.tieba.fansfamily.FansFamilyStatic
07-20 22:52:47.016 I/Xposed  (14554): Found com.baidu.tieba.fansfamily.FansFamilyStatic
07-20 22:52:47.017 I/Xposed  (14554): Found com.baidu.tieba.fansfamily.FansFamilyStatic
07-20 22:52:47.017 I/Xposed  (14554): Found com.baidu.tieba.fansfamily.FansFamilyStatic
07-20 22:52:47.047 I/Xposed  (14554): Found com.baidu.tieba.pluginWalletsdk.Static
07-20 22:52:47.047 I/Xposed  (14681): Found com.baidu.tieba.pluginWalletsdk.Static
07-20 22:52:47.047 I/Xposed  (14554): Found com.baidu.tieba.pluginWalletsdk.Static
07-20 22:52:47.047 I/Xposed  (14681): Found com.baidu.tieba.pluginWalletsdk.Static
07-20 22:52:47.047 I/Xposed  (14554): Found com.baidu.tieba.pluginWalletsdk.Static
07-20 22:52:47.047 I/Xposed  (14554): Found com.baidu.tieba.pluginWalletsdk.Static
07-20 22:52:47.047 I/Xposed  (14554): Found com.baidu.tieba.pluginWalletsdk.Static
07-20 22:52:47.048 I/Xposed  (14554): Found com.baidu.tieba.pluginWalletsdk.Static
07-20 22:52:47.048 I/Xposed  (14681): Found com.baidu.tieba.pluginWalletsdk.Static
07-20 22:52:47.048 I/Xposed  (14554): Found com.baidu.tieba.pluginWalletsdk.Static
07-20 22:52:47.048 I/Xposed  (14681): Found com.baidu.tieba.pluginWalletsdk.Static
07-20 22:52:47.048 I/Xposed  (14554): Found com.baidu.tieba.pluginWalletsdk.Static
07-20 22:52:47.048 I/Xposed  (14554): Found com.baidu.tieba.pluginWalletsdk.Static
07-20 22:52:47.048 I/Xposed  (14554): Found com.baidu.tieba.pluginWalletsdk.Static
07-20 22:52:47.048 I/Xposed  (14554): Found com.baidu.tieba.pluginWalletsdk.Static
07-20 22:52:47.048 I/Xposed  (14554): Found com.baidu.tieba.pluginWalletsdk.Static
07-20 22:52:47.049 I/Xposed  (14554): Found com.baidu.tieba.pluginWalletsdk.PluginStaticClassesArray
07-20 22:52:47.049 I/Xposed  (14681): Found com.baidu.tieba.pluginWalletsdk.PluginStaticClassesArray
07-20 22:52:47.049 I/Xposed  (14554): Found com.baidu.tieba.pluginWalletsdk.PluginStaticClassesArray
07-20 22:52:47.050 I/Xposed  (14681): Found com.baidu.tieba.pluginWalletsdk.PluginStaticClassesArray
07-20 22:52:47.050 I/Xposed  (14554): Found com.baidu.tieba.pluginWalletsdk.PluginStaticClassesArray
07-20 22:52:47.050 I/Xposed  (14681): Found com.baidu.tieba.pluginWalletsdk.PluginStaticClassesArray
07-20 22:52:47.050 I/Xposed  (14554): Found com.baidu.tieba.pluginWalletsdk.PluginStaticClassesArray
07-20 22:52:47.050 I/Xposed  (14554): Found com.baidu.tieba.pluginWalletsdk.PluginStaticClassesArray
07-20 22:52:47.050 I/Xposed  (14554): Found com.baidu.tieba.pluginWalletsdk.PluginStaticClassesArray
07-20 22:52:47.050 I/Xposed  (14554): Found com.baidu.tieba.pluginWalletsdk.PluginStaticClassesArray
07-20 22:52:47.050 I/Xposed  (14554): Found com.baidu.tieba.pluginWalletsdk.PluginStaticClassesArray
07-20 22:52:47.050 I/Xposed  (14554): Found com.baidu.tieba.pluginWalletsdk.PluginStaticClassesArray
07-20 22:52:47.053 I/Xposed  (14681): Found com.baidu.tieba.wallet.pay.PayActivityStatic
07-20 22:52:47.053 I/Xposed  (14554): Found com.baidu.tieba.wallet.pay.PayActivityStatic
07-20 22:52:47.053 I/Xposed  (14681): Found com.baidu.tieba.wallet.pay.PayActivityStatic
07-20 22:52:47.053 I/Xposed  (14554): Found com.baidu.tieba.wallet.pay.PayActivityStatic
07-20 22:52:47.053 I/Xposed  (14554): Found com.baidu.tieba.wallet.pay.PayActivityStatic
07-20 22:52:47.053 I/Xposed  (14681): Found com.baidu.tieba.wallet.pay.PayActivityStatic
07-20 22:52:47.053 I/Xposed  (14554): Found com.baidu.tieba.wallet.pay.PayActivityStatic
07-20 22:52:47.053 I/Xposed  (14554): Found com.baidu.tieba.wallet.pay.PayActivityStatic
07-20 22:52:47.053 I/Xposed  (14554): Found com.baidu.tieba.wallet.pay.PayActivityStatic
07-20 22:52:47.053 I/Xposed  (14554): Found com.baidu.tieba.wallet.pay.PayActivityStatic
07-20 22:52:47.053 I/Xposed  (14554): Found com.baidu.tieba.wallet.pay.PayActivityStatic
07-20 22:52:47.053 I/Xposed  (14554): Found com.baidu.tieba.wallet.pay.PayActivityStatic
07-20 22:52:47.071 I/Xposed  (14554): Found com.baidu.tieba.service.TiebaSyncService
07-20 22:52:47.071 I/Xposed  (14554): Found com.baidu.tieba.service.TiebaSyncService
07-20 22:52:47.071 I/Xposed  (14554): Found com.baidu.tieba.service.TiebaSyncService
07-20 22:52:47.071 I/Xposed  (14554): Found com.baidu.tieba.service.TiebaSyncService
07-20 22:52:47.071 I/Xposed  (14554): Found com.baidu.tieba.service.TiebaSyncService
07-20 22:52:47.071 I/Xposed  (14554): Found com.baidu.tieba.service.TiebaSyncService
07-20 22:52:47.106 I/Xposed  (14554): Found com.baidu.tieba.wallet.WalletExceptionStatic
07-20 22:52:47.106 I/Xposed  (14554): Found com.baidu.tieba.wallet.WalletExceptionStatic
07-20 22:52:47.106 I/Xposed  (14554): Found com.baidu.tieba.wallet.WalletExceptionStatic
07-20 22:52:47.106 I/Xposed  (14554): Found com.baidu.tieba.wallet.WalletExceptionStatic
07-20 22:52:47.107 I/Xposed  (14554): Found com.baidu.tieba.wallet.WalletExceptionStatic
07-20 22:52:47.107 I/Xposed  (14554): Found com.baidu.tieba.wallet.WalletExceptionStatic
07-20 22:52:47.107 I/Xposed  (14554): Found com.baidu.tieba.wallet.WalletExceptionStatic
07-20 22:52:47.107 I/Xposed  (14554): Found com.baidu.tieba.wallet.WalletExceptionStatic
07-20 22:52:47.107 I/Xposed  (14554): Found com.baidu.tieba.wallet.WalletExceptionStatic
07-20 22:52:47.109 I/Xposed  (14681): Found com.baidu.tieba.wallet.WalletExceptionStatic
07-20 22:52:47.109 I/Xposed  (14681): Found com.baidu.tieba.wallet.WalletExceptionStatic
07-20 22:52:47.109 I/Xposed  (14681): Found com.baidu.tieba.wallet.WalletExceptionStatic
07-20 22:52:47.122 I/Xposed  (14554): Found com.baidu.tieba.pluginHotTopic.Static
07-20 22:52:47.122 I/Xposed  (14554): Found com.baidu.tieba.pluginHotTopic.Static
07-20 22:52:47.122 I/Xposed  (14554): Found com.baidu.tieba.pluginHotTopic.Static
07-20 22:52:47.123 I/Xposed  (14554): Found com.baidu.tieba.pluginHotTopic.Static
07-20 22:52:47.123 I/Xposed  (14554): Found com.baidu.tieba.pluginHotTopic.Static
07-20 22:52:47.123 I/Xposed  (14554): Found com.baidu.tieba.pluginHotTopic.Static
07-20 22:52:47.123 I/Xposed  (14554): Found com.baidu.tieba.pluginHotTopic.Static
07-20 22:52:47.123 I/Xposed  (14554): Found com.baidu.tieba.pluginHotTopic.Static
07-20 22:52:47.123 I/Xposed  (14554): Found com.baidu.tieba.pluginHotTopic.Static
07-20 22:52:47.123 I/Xposed  (14554): Found com.baidu.tieba.pluginHotTopic.Static
07-20 22:52:47.123 I/Xposed  (14554): Found com.baidu.tieba.pluginHotTopic.Static
07-20 22:52:47.123 I/Xposed  (14554): Found com.baidu.tieba.pluginHotTopic.Static
07-20 22:52:47.125 I/Xposed  (14554): Found com.baidu.tieba.pluginHotTopic.PluginStaticClassesArray
07-20 22:52:47.125 I/Xposed  (14554): Found com.baidu.tieba.pluginHotTopic.PluginStaticClassesArray
07-20 22:52:47.125 I/Xposed  (14554): Found com.baidu.tieba.pluginHotTopic.PluginStaticClassesArray
07-20 22:52:47.125 I/Xposed  (14554): Found com.baidu.tieba.pluginHotTopic.PluginStaticClassesArray
07-20 22:52:47.125 I/Xposed  (14554): Found com.baidu.tieba.pluginHotTopic.PluginStaticClassesArray
07-20 22:52:47.125 I/Xposed  (14554): Found com.baidu.tieba.pluginHotTopic.PluginStaticClassesArray
07-20 22:52:47.125 I/Xposed  (14554): Found com.baidu.tieba.pluginHotTopic.PluginStaticClassesArray
07-20 22:52:47.125 I/Xposed  (14554): Found com.baidu.tieba.pluginHotTopic.PluginStaticClassesArray
07-20 22:52:47.125 I/Xposed  (14554): Found com.baidu.tieba.pluginHotTopic.PluginStaticClassesArray
07-20 22:52:47.126 I/Xposed  (14554): Found com.baidu.tieba.hottopic.controller.HotRanklistActivityStatic
07-20 22:52:47.126 I/Xposed  (14554): Found com.baidu.tieba.hottopic.controller.HotRanklistActivityStatic
07-20 22:52:47.126 I/Xposed  (14554): Found com.baidu.tieba.hottopic.controller.HotRanklistActivityStatic
07-20 22:52:47.126 I/Xposed  (14554): Found com.baidu.tieba.hottopic.controller.HotRanklistActivityStatic
07-20 22:52:47.126 I/Xposed  (14554): Found com.baidu.tieba.hottopic.controller.HotRanklistActivityStatic
07-20 22:52:47.126 I/Xposed  (14554): Found com.baidu.tieba.hottopic.controller.HotRanklistActivityStatic
07-20 22:52:47.126 I/Xposed  (14554): Found com.baidu.tieba.hottopic.controller.HotRanklistActivityStatic
07-20 22:52:47.126 I/Xposed  (14554): Found com.baidu.tieba.hottopic.controller.HotRanklistActivityStatic
07-20 22:52:47.126 I/Xposed  (14554): Found com.baidu.tieba.hottopic.controller.HotRanklistActivityStatic
07-20 22:52:47.127 I/Xposed  (14681): Found com.baidu.tieba.pluginHotTopic.Static
07-20 22:52:47.127 I/Xposed  (14681): Found com.baidu.tieba.pluginHotTopic.Static
07-20 22:52:47.127 I/Xposed  (14681): Found com.baidu.tieba.pluginHotTopic.Static
07-20 22:52:47.127 I/Xposed  (14681): Found com.baidu.tieba.pluginHotTopic.Static
07-20 22:52:47.129 I/Xposed  (14681): Found com.baidu.tieba.pluginHotTopic.PluginStaticClassesArray
07-20 22:52:47.129 I/Xposed  (14681): Found com.baidu.tieba.pluginHotTopic.PluginStaticClassesArray
07-20 22:52:47.129 I/Xposed  (14681): Found com.baidu.tieba.pluginHotTopic.PluginStaticClassesArray
07-20 22:52:47.129 I/Xposed  (14681): Found com.baidu.tieba.hottopic.controller.HotRanklistActivityStatic
07-20 22:52:47.129 I/Xposed  (14681): Found com.baidu.tieba.hottopic.controller.HotRanklistActivityStatic
07-20 22:52:47.129 I/Xposed  (14681): Found com.baidu.tieba.hottopic.controller.HotRanklistActivityStatic
07-20 22:52:47.135 I/Xposed  (14681): Found com.baidu.tieba.hottopic.controller.HotTopicStatic
07-20 22:52:47.135 I/Xposed  (14554): Found com.baidu.tieba.hottopic.controller.HotTopicStatic
07-20 22:52:47.135 I/Xposed  (14681): Found com.baidu.tieba.hottopic.controller.HotTopicStatic
07-20 22:52:47.135 I/Xposed  (14554): Found com.baidu.tieba.hottopic.controller.HotTopicStatic
07-20 22:52:47.135 I/Xposed  (14681): Found com.baidu.tieba.hottopic.controller.HotTopicStatic
07-20 22:52:47.135 I/Xposed  (14554): Found com.baidu.tieba.hottopic.controller.HotTopicStatic
07-20 22:52:47.135 I/Xposed  (14554): Found com.baidu.tieba.hottopic.controller.HotTopicStatic
07-20 22:52:47.135 I/Xposed  (14554): Found com.baidu.tieba.hottopic.controller.HotTopicStatic
07-20 22:52:47.135 I/Xposed  (14554): Found com.baidu.tieba.hottopic.controller.HotTopicStatic
07-20 22:52:47.135 I/Xposed  (14554): Found com.baidu.tieba.hottopic.controller.HotTopicStatic
07-20 22:52:47.135 I/Xposed  (14554): Found com.baidu.tieba.hottopic.controller.HotTopicStatic
07-20 22:52:47.135 I/Xposed  (14554): Found com.baidu.tieba.hottopic.controller.HotTopicStatic
07-20 22:52:47.138 I/Xposed  (14681): Found com.baidu.tieba.hottopicselect.HotTopicSelectActivityStatic
07-20 22:52:47.138 I/Xposed  (14681): Found com.baidu.tieba.hottopicselect.HotTopicSelectActivityStatic
07-20 22:52:47.138 I/Xposed  (14681): Found com.baidu.tieba.hottopicselect.HotTopicSelectActivityStatic
07-20 22:52:47.138 I/Xposed  (14554): Found com.baidu.tieba.hottopicselect.HotTopicSelectActivityStatic
07-20 22:52:47.138 I/Xposed  (14554): Found com.baidu.tieba.hottopicselect.HotTopicSelectActivityStatic
07-20 22:52:47.138 I/Xposed  (14554): Found com.baidu.tieba.hottopicselect.HotTopicSelectActivityStatic
07-20 22:52:47.138 I/Xposed  (14554): Found com.baidu.tieba.hottopicselect.HotTopicSelectActivityStatic
07-20 22:52:47.138 I/Xposed  (14554): Found com.baidu.tieba.hottopicselect.HotTopicSelectActivityStatic
07-20 22:52:47.138 I/Xposed  (14554): Found com.baidu.tieba.hottopicselect.HotTopicSelectActivityStatic
07-20 22:52:47.139 I/Xposed  (14554): Found com.baidu.tieba.hottopicselect.HotTopicSelectActivityStatic
07-20 22:52:47.139 I/Xposed  (14554): Found com.baidu.tieba.hottopicselect.HotTopicSelectActivityStatic
07-20 22:52:47.139 I/Xposed  (14554): Found com.baidu.tieba.hottopicselect.HotTopicSelectActivityStatic
07-20 22:52:47.160 I/Xposed  (14681): Found com.baidu.tieba.baiduNovel.Static
07-20 22:52:47.160 I/Xposed  (14681): Found com.baidu.tieba.baiduNovel.Static
07-20 22:52:47.160 I/Xposed  (14681): Found com.baidu.tieba.baiduNovel.Static
07-20 22:52:47.161 I/Xposed  (14681): Found com.baidu.tieba.baiduNovel.Static
07-20 22:52:47.164 I/Xposed  (14681): Found com.baidu.tieba.baiduNovel.PluginStaticClassesArray
07-20 22:52:47.164 I/Xposed  (14681): Found com.baidu.tieba.baiduNovel.PluginStaticClassesArray
07-20 22:52:47.164 I/Xposed  (14681): Found com.baidu.tieba.baiduNovel.PluginStaticClassesArray
07-20 22:52:47.167 I/Xposed  (14681): Found com.baidu.tieba.novel.BaiduNovelStatic
07-20 22:52:47.167 I/Xposed  (14681): Found com.baidu.tieba.novel.BaiduNovelStatic
07-20 22:52:47.167 I/Xposed  (14681): Found com.baidu.tieba.novel.BaiduNovelStatic
07-20 22:52:47.178 I/Xposed  (14554): Found com.baidu.tieba.baiduNovel.Static
07-20 22:52:47.178 I/Xposed  (14554): Found com.baidu.tieba.baiduNovel.Static
07-20 22:52:47.178 I/Xposed  (14554): Found com.baidu.tieba.baiduNovel.Static
07-20 22:52:47.178 I/Xposed  (14554): Found com.baidu.tieba.baiduNovel.Static
07-20 22:52:47.178 I/Xposed  (14554): Found com.baidu.tieba.baiduNovel.Static
07-20 22:52:47.178 I/Xposed  (14554): Found com.baidu.tieba.baiduNovel.Static
07-20 22:52:47.179 I/Xposed  (14554): Found com.baidu.tieba.baiduNovel.Static
07-20 22:52:47.179 I/Xposed  (14554): Found com.baidu.tieba.baiduNovel.Static
07-20 22:52:47.179 I/Xposed  (14554): Found com.baidu.tieba.baiduNovel.Static
07-20 22:52:47.179 I/Xposed  (14554): Found com.baidu.tieba.baiduNovel.Static
07-20 22:52:47.179 I/Xposed  (14554): Found com.baidu.tieba.baiduNovel.Static
07-20 22:52:47.179 I/Xposed  (14554): Found com.baidu.tieba.baiduNovel.Static
07-20 22:52:47.180 I/Xposed  (14554): Found com.baidu.tieba.baiduNovel.PluginStaticClassesArray
07-20 22:52:47.180 I/Xposed  (14554): Found com.baidu.tieba.baiduNovel.PluginStaticClassesArray
07-20 22:52:47.180 I/Xposed  (14554): Found com.baidu.tieba.baiduNovel.PluginStaticClassesArray
07-20 22:52:47.180 I/Xposed  (14554): Found com.baidu.tieba.baiduNovel.PluginStaticClassesArray
07-20 22:52:47.180 I/Xposed  (14554): Found com.baidu.tieba.baiduNovel.PluginStaticClassesArray
07-20 22:52:47.180 I/Xposed  (14554): Found com.baidu.tieba.baiduNovel.PluginStaticClassesArray
07-20 22:52:47.181 I/Xposed  (14554): Found com.baidu.tieba.baiduNovel.PluginStaticClassesArray
07-20 22:52:47.181 I/Xposed  (14554): Found com.baidu.tieba.baiduNovel.PluginStaticClassesArray
07-20 22:52:47.181 I/Xposed  (14554): Found com.baidu.tieba.baiduNovel.PluginStaticClassesArray
07-20 22:52:47.181 I/Xposed  (14554): Found com.baidu.tieba.novel.BaiduNovelStatic
07-20 22:52:47.181 I/Xposed  (14554): Found com.baidu.tieba.novel.BaiduNovelStatic
07-20 22:52:47.181 I/Xposed  (14554): Found com.baidu.tieba.novel.BaiduNovelStatic
07-20 22:52:47.181 I/Xposed  (14554): Found com.baidu.tieba.novel.BaiduNovelStatic
07-20 22:52:47.182 I/Xposed  (14554): Found com.baidu.tieba.novel.BaiduNovelStatic
07-20 22:52:47.182 I/Xposed  (14554): Found com.baidu.tieba.novel.BaiduNovelStatic
07-20 22:52:47.182 I/Xposed  (14554): Found com.baidu.tieba.novel.BaiduNovelStatic
07-20 22:52:47.182 I/Xposed  (14554): Found com.baidu.tieba.novel.BaiduNovelStatic
07-20 22:52:47.182 I/Xposed  (14554): Found com.baidu.tieba.novel.BaiduNovelStatic
07-20 22:52:47.214 I/Xposed  (14554): Found com.baidu.tieba.homepage.framework.indicator.ScrollFragmentTabHost
07-20 22:52:47.214 I/Xposed  (14554): Found com.baidu.tieba.homepage.framework.indicator.ScrollFragmentTabHost
07-20 22:52:47.214 I/Xposed  (14554): Found com.baidu.tieba.homepage.framework.indicator.ScrollFragmentTabHost
07-20 22:52:47.214 I/Xposed  (14554): Found com.baidu.tieba.homepage.framework.indicator.ScrollFragmentTabHost
07-20 22:52:47.214 I/Xposed  (14554): Found com.baidu.tieba.homepage.framework.indicator.ScrollFragmentTabHost
07-20 22:52:47.214 I/Xposed  (14554): Found com.baidu.tieba.homepage.framework.indicator.ScrollFragmentTabHost
07-20 22:52:47.219 I/Xposed  (14681): Found com.baidu.tieba.pluginMotu.Static
07-20 22:52:47.219 I/Xposed  (14681): Found com.baidu.tieba.pluginMotu.Static
07-20 22:52:47.219 I/Xposed  (14681): Found com.baidu.tieba.pluginMotu.Static
07-20 22:52:47.219 I/Xposed  (14681): Found com.baidu.tieba.pluginMotu.Static
07-20 22:52:47.220 I/Xposed  (14681): Found com.baidu.tieba.pluginMotu.PluginStaticClassesArray
07-20 22:52:47.220 I/Xposed  (14681): Found com.baidu.tieba.pluginMotu.PluginStaticClassesArray
07-20 22:52:47.220 I/Xposed  (14681): Found com.baidu.tieba.pluginMotu.PluginStaticClassesArray
07-20 22:52:47.221 I/Xposed  (14554): Found com.baidu.tieba.pluginMotu.Static
07-20 22:52:47.221 I/Xposed  (14554): Found com.baidu.tieba.pluginMotu.Static
07-20 22:52:47.221 I/Xposed  (14554): Found com.baidu.tieba.pluginMotu.Static
07-20 22:52:47.221 I/Xposed  (14554): Found com.baidu.tieba.pluginMotu.Static
07-20 22:52:47.221 I/Xposed  (14554): Found com.baidu.tieba.pluginMotu.Static
07-20 22:52:47.221 I/Xposed  (14554): Found com.baidu.tieba.pluginMotu.Static
07-20 22:52:47.222 I/Xposed  (14554): Found com.baidu.tieba.pluginMotu.Static
07-20 22:52:47.222 I/Xposed  (14554): Found com.baidu.tieba.pluginMotu.Static
07-20 22:52:47.222 I/Xposed  (14554): Found com.baidu.tieba.pluginMotu.Static
07-20 22:52:47.222 I/Xposed  (14554): Found com.baidu.tieba.pluginMotu.Static
07-20 22:52:47.222 I/Xposed  (14554): Found com.baidu.tieba.pluginMotu.Static
07-20 22:52:47.222 I/Xposed  (14554): Found com.baidu.tieba.pluginMotu.Static
07-20 22:52:47.223 I/Xposed  (14554): Found com.baidu.tieba.homepage.personalize.view.HomeTabBarView
07-20 22:52:47.223 I/Xposed  (14554): Found com.baidu.tieba.homepage.personalize.view.HomeTabBarView
07-20 22:52:47.223 I/Xposed  (14554): Found com.baidu.tieba.homepage.personalize.view.HomeTabBarView
07-20 22:52:47.223 I/Xposed  (14554): Found com.baidu.tieba.homepage.personalize.view.HomeTabBarView
07-20 22:52:47.223 I/Xposed  (14554): Found com.baidu.tieba.homepage.personalize.view.HomeTabBarView
07-20 22:52:47.223 I/Xposed  (14554): Found com.baidu.tieba.pluginMotu.PluginStaticClassesArray
07-20 22:52:47.223 I/Xposed  (14554): Found com.baidu.tieba.pluginMotu.PluginStaticClassesArray
07-20 22:52:47.223 I/Xposed  (14554): Found com.baidu.tieba.pluginMotu.PluginStaticClassesArray
07-20 22:52:47.223 I/Xposed  (14554): Found com.baidu.tieba.pluginMotu.PluginStaticClassesArray
07-20 22:52:47.223 I/Xposed  (14554): Found com.baidu.tieba.pluginMotu.PluginStaticClassesArray
07-20 22:52:47.223 I/Xposed  (14554): Found com.baidu.tieba.pluginMotu.PluginStaticClassesArray
07-20 22:52:47.224 I/Xposed  (14554): Found com.baidu.tieba.pluginMotu.PluginStaticClassesArray
07-20 22:52:47.224 I/Xposed  (14554): Found com.baidu.tieba.pluginMotu.PluginStaticClassesArray
07-20 22:52:47.224 I/Xposed  (14554): Found com.baidu.tieba.pluginMotu.PluginStaticClassesArray
07-20 22:52:47.224 I/Xposed  (14554): Found com.baidu.tieba.homepage.personalize.view.HomeTabBarView
07-20 22:52:47.226 I/Xposed  (14681): Found com.baidu.tieba.QuickPlayer.QuickMediaPlayerService
07-20 22:52:47.226 I/Xposed  (14681): Found com.baidu.tieba.QuickPlayer.QuickMediaPlayerService
07-20 22:52:47.229 I/Xposed  (14554): Found com.baidu.tieba.homepage.framework.indicator.PagerSlidingTabStrip
07-20 22:52:47.229 I/Xposed  (14554): Found com.baidu.tieba.homepage.framework.indicator.PagerSlidingTabStrip
07-20 22:52:47.229 I/Xposed  (14554): Found com.baidu.tieba.homepage.framework.indicator.PagerSlidingTabStrip
07-20 22:52:47.229 I/Xposed  (14554): Found com.baidu.tieba.homepage.framework.indicator.PagerSlidingTabStrip
07-20 22:52:47.229 I/Xposed  (14554): Found com.baidu.tieba.homepage.framework.indicator.PagerSlidingTabStrip
07-20 22:52:47.230 I/Xposed  (14554): Found com.baidu.tieba.homepage.framework.indicator.PagerSlidingTabStrip
07-20 22:52:47.260 I/Xposed  (14681): Found com.baidu.tieba.service.FatalErrorService
07-20 22:52:47.260 I/Xposed  (14681): Found com.baidu.tieba.service.FatalErrorService
07-20 22:52:47.269 I/Xposed  (14681): Found com.baidu.tieba.service.ClearTempService
07-20 22:52:47.269 I/Xposed  (14681): Found com.baidu.tieba.service.ClearTempService
07-20 22:52:47.278 I/Xposed  (14681): Found com.baidu.tieba.VideoCache.VideoCacheService
07-20 22:52:47.278 I/Xposed  (14681): Found com.baidu.tieba.VideoCache.VideoCacheService
07-20 22:52:48.444 I/Xposed  (14554): Found com.baidu.tieba.emotion.editortool.EmotionTabContentView
07-20 22:52:48.444 I/Xposed  (14554): Found com.baidu.tieba.emotion.editortool.EmotionTabContentView
07-20 22:52:48.444 I/Xposed  (14554): Found com.baidu.tieba.emotion.editortool.EmotionTabContentView
07-20 22:52:48.444 I/Xposed  (14554): Found com.baidu.tieba.emotion.editortool.EmotionTabContentView
07-20 22:52:48.444 I/Xposed  (14554): Found com.baidu.tieba.emotion.editortool.EmotionTabContentView
07-20 22:52:48.444 I/Xposed  (14554): Found com.baidu.tieba.emotion.editortool.EmotionTabContentView
07-20 22:52:48.461 I/Xposed  (14554): Found com.baidu.tieba.emotion.editortool.EmotionTabWidgetView
07-20 22:52:48.461 I/Xposed  (14554): Found com.baidu.tieba.emotion.editortool.EmotionTabWidgetView
07-20 22:52:48.461 I/Xposed  (14554): Found com.baidu.tieba.emotion.editortool.EmotionTabWidgetView
07-20 22:52:48.461 I/Xposed  (14554): Found com.baidu.tieba.emotion.editortool.EmotionTabWidgetView
07-20 22:52:48.461 I/Xposed  (14554): Found com.baidu.tieba.emotion.editortool.EmotionTabWidgetView
07-20 22:52:48.461 I/Xposed  (14554): Found com.baidu.tieba.emotion.editortool.EmotionTabWidgetView
07-20 22:52:48.494 I/Xposed  (14554): Found com.baidu.tieba.emotion.editortool.EmotionTabHorizonScrollView
07-20 22:52:48.494 I/Xposed  (14554): Found com.baidu.tieba.emotion.editortool.EmotionTabHorizonScrollView
07-20 22:52:48.495 I/Xposed  (14554): Found com.baidu.tieba.emotion.editortool.EmotionTabHorizonScrollView
07-20 22:52:48.495 I/Xposed  (14554): Found com.baidu.tieba.emotion.editortool.EmotionTabHorizonScrollView
07-20 22:52:48.495 I/Xposed  (14554): Found com.baidu.tieba.emotion.editortool.EmotionTabHorizonScrollView
07-20 22:52:48.495 I/Xposed  (14554): Found com.baidu.tieba.emotion.editortool.EmotionTabHorizonScrollView
07-20 22:52:48.677 I/Xposed  (14554): Found com.baidu.tieba.imMessageCenter.im.view.ShutDownValidateTipView
07-20 22:52:48.677 I/Xposed  (14554): Found com.baidu.tieba.imMessageCenter.im.view.ShutDownValidateTipView
07-20 22:52:48.677 I/Xposed  (14554): Found com.baidu.tieba.imMessageCenter.im.view.ShutDownValidateTipView
07-20 22:52:48.677 I/Xposed  (14554): Found com.baidu.tieba.imMessageCenter.im.view.ShutDownValidateTipView
07-20 22:52:48.677 I/Xposed  (14554): Found com.baidu.tieba.imMessageCenter.im.view.ShutDownValidateTipView
07-20 22:52:48.678 I/Xposed  (14554): Found com.baidu.tieba.imMessageCenter.im.view.ShutDownValidateTipView
07-20 22:52:48.978 I/Xposed  (14554): Found com.baidu.tieba.dnsproxy.pbdata.WriteHistroyDataReqIdl$Builder
07-20 22:52:48.978 I/Xposed  (14554): Found com.baidu.tieba.dnsproxy.pbdata.WriteHistroyDataReqIdl$Builder
07-20 22:52:48.978 I/Xposed  (14554): Found com.baidu.tieba.dnsproxy.pbdata.WriteHistroyDataReqIdl$Builder
07-20 22:52:48.978 I/Xposed  (14554): Found com.baidu.tieba.dnsproxy.pbdata.WriteHistroyDataReqIdl$Builder
07-20 22:52:48.978 I/Xposed  (14554): Found com.baidu.tieba.dnsproxy.pbdata.WriteHistroyDataReqIdl$Builder
07-20 22:52:48.978 I/Xposed  (14554): Found com.baidu.tieba.dnsproxy.pbdata.WriteHistroyDataReqIdl$Builder
07-20 22:52:48.986 I/Xposed  (14554): Found com.baidu.tieba.dnsproxy.pbdata.ConnectPointData$Builder
07-20 22:52:48.986 I/Xposed  (14554): Found com.baidu.tieba.dnsproxy.pbdata.ConnectPointData$Builder
07-20 22:52:48.986 I/Xposed  (14554): Found com.baidu.tieba.dnsproxy.pbdata.ConnectPointData$Builder
07-20 22:52:48.986 I/Xposed  (14554): Found com.baidu.tieba.dnsproxy.pbdata.ConnectPointData$Builder
07-20 22:52:48.986 I/Xposed  (14554): Found com.baidu.tieba.dnsproxy.pbdata.ConnectPointData$Builder
07-20 22:52:48.986 I/Xposed  (14554): Found com.baidu.tieba.dnsproxy.pbdata.ConnectPointData$Builder
07-20 22:52:48.992 I/Xposed  (14554): Found com.baidu.tieba.dnsproxy.pbdata.DnsIpData$Builder
07-20 22:52:48.992 I/Xposed  (14554): Found com.baidu.tieba.dnsproxy.pbdata.DnsIpData$Builder
07-20 22:52:48.992 I/Xposed  (14554): Found com.baidu.tieba.dnsproxy.pbdata.DnsIpData$Builder
07-20 22:52:48.992 I/Xposed  (14554): Found com.baidu.tieba.dnsproxy.pbdata.DnsIpData$Builder
07-20 22:52:48.992 I/Xposed  (14554): Found com.baidu.tieba.dnsproxy.pbdata.DnsIpData$Builder
07-20 22:52:48.992 I/Xposed  (14554): Found com.baidu.tieba.dnsproxy.pbdata.DnsIpData$Builder
07-20 22:52:49.729 I/Xposed  (14554): Found com.baidu.tieba.easterEgg.EasterEggH5Service
07-20 22:52:49.729 I/Xposed  (14554): Found com.baidu.tieba.easterEgg.EasterEggH5Service
07-20 22:52:49.729 I/Xposed  (14554): Found com.baidu.tieba.easterEgg.EasterEggH5Service
07-20 22:52:49.729 I/Xposed  (14554): Found com.baidu.tieba.easterEgg.EasterEggH5Service
07-20 22:52:49.729 I/Xposed  (14554): Found com.baidu.tieba.easterEgg.EasterEggH5Service
07-20 22:52:49.729 I/Xposed  (14554): Found com.baidu.tieba.easterEgg.EasterEggH5Service
07-20 22:52:50.473 I/Xposed  (14554): Found com.baidu.tieba.card.OriginalThreadCardView
07-20 22:52:50.473 I/Xposed  (14554): Found com.baidu.tieba.card.OriginalThreadCardView
07-20 22:52:50.473 I/Xposed  (14554): Found com.baidu.tieba.card.OriginalThreadCardView
07-20 22:52:50.473 I/Xposed  (14554): Found com.baidu.tieba.card.OriginalThreadCardView
07-20 22:52:50.473 I/Xposed  (14554): Found com.baidu.tieba.card.OriginalThreadCardView
07-20 22:52:50.473 I/Xposed  (14554): Found com.baidu.tieba.card.OriginalThreadCardView
07-20 22:52:50.475 I/Xposed  (14554): Found com.baidu.tieba.imMessageCenter.mention.base.MessageCardBottomView
07-20 22:52:50.475 I/Xposed  (14554): Found com.baidu.tieba.imMessageCenter.mention.base.MessageCardBottomView
07-20 22:52:50.475 I/Xposed  (14554): Found com.baidu.tieba.imMessageCenter.mention.base.MessageCardBottomView
07-20 22:52:50.475 I/Xposed  (14554): Found com.baidu.tieba.imMessageCenter.mention.base.MessageCardBottomView
07-20 22:52:50.475 I/Xposed  (14554): Found com.baidu.tieba.imMessageCenter.mention.base.MessageCardBottomView
07-20 22:52:50.475 I/Xposed  (14554): Found com.baidu.tieba.imMessageCenter.mention.base.MessageCardBottomView
07-20 22:52:51.264 I/Xposed  (14554): Found com.baidu.tieba.tbadkCore.voice.PlayVoiceBntNew
07-20 22:52:51.265 I/Xposed  (14554): Found com.baidu.tieba.tbadkCore.voice.PlayVoiceBntNew
07-20 22:52:51.265 I/Xposed  (14554): Found com.baidu.tieba.tbadkCore.voice.PlayVoiceBntNew
07-20 22:52:51.265 I/Xposed  (14554): Found com.baidu.tieba.tbadkCore.voice.PlayVoiceBntNew
07-20 22:52:51.265 I/Xposed  (14554): Found com.baidu.tieba.tbadkCore.voice.PlayVoiceBntNew
07-20 22:52:51.265 I/Xposed  (14554): Found com.baidu.tieba.tbadkCore.voice.PlayVoiceBntNew
07-20 22:52:51.279 I/Xposed  (14554): Found com.baidu.tieba.view.AudioAnimationView
07-20 22:52:51.279 I/Xposed  (14554): Found com.baidu.tieba.view.AudioAnimationView
07-20 22:52:51.279 I/Xposed  (14554): Found com.baidu.tieba.view.AudioAnimationView
07-20 22:52:51.279 I/Xposed  (14554): Found com.baidu.tieba.view.AudioAnimationView
07-20 22:52:51.279 I/Xposed  (14554): Found com.baidu.tieba.view.AudioAnimationView
07-20 22:52:51.280 I/Xposed  (14554): Found com.baidu.tieba.view.AudioAnimationView
07-20 22:52:51.315 I/Xposed  (14554): Found com.baidu.tieba.pb.ThreadSkinView
07-20 22:52:51.315 I/Xposed  (14554): Found com.baidu.tieba.pb.ThreadSkinView
07-20 22:52:51.315 I/Xposed  (14554): Found com.baidu.tieba.pb.ThreadSkinView
07-20 22:52:51.315 I/Xposed  (14554): Found com.baidu.tieba.pb.ThreadSkinView
07-20 22:52:51.315 I/Xposed  (14554): Found com.baidu.tieba.pb.ThreadSkinView
07-20 22:52:51.315 I/Xposed  (14554): Found com.baidu.tieba.pb.ThreadSkinView
07-20 22:52:51.368 I/Xposed  (14554): Found com.baidu.tieba.play.QuickVideoView
07-20 22:52:51.368 I/Xposed  (14554): Found com.baidu.tieba.play.QuickVideoView
07-20 22:52:51.368 I/Xposed  (14554): Found com.baidu.tieba.play.QuickVideoView
07-20 22:52:51.369 I/Xposed  (14554): Found com.baidu.tieba.play.QuickVideoView
07-20 22:52:51.369 I/Xposed  (14554): Found com.baidu.tieba.play.QuickVideoView
07-20 22:52:51.369 I/Xposed  (14554): Found com.baidu.tieba.play.QuickVideoView
07-20 22:52:51.407 I/Xposed  (14554): Found com.baidu.tieba.play.VideoLoadingProgressView
07-20 22:52:51.407 I/Xposed  (14554): Found com.baidu.tieba.play.VideoLoadingProgressView
07-20 22:52:51.407 I/Xposed  (14554): Found com.baidu.tieba.play.VideoLoadingProgressView
07-20 22:52:51.407 I/Xposed  (14554): Found com.baidu.tieba.play.VideoLoadingProgressView
07-20 22:52:51.407 I/Xposed  (14554): Found com.baidu.tieba.play.VideoLoadingProgressView
07-20 22:52:51.408 I/Xposed  (14554): Found com.baidu.tieba.play.VideoLoadingProgressView
07-20 22:52:55.771 I/Xposed  (14554): Found com.baidu.tieba.frs.FrsActivity
07-20 22:52:55.771 I/Xposed  (14554): Found com.baidu.tieba.frs.FrsActivity
07-20 22:52:55.771 I/Xposed  (14554): Found com.baidu.tieba.frs.FrsActivity
07-20 22:52:55.771 I/Xposed  (14554): Found com.baidu.tieba.frs.FrsActivity
07-20 22:52:55.771 I/Xposed  (14554): Found com.baidu.tieba.frs.FrsActivity
07-20 22:52:55.771 I/Xposed  (14554): Found com.baidu.tieba.frs.FrsActivity
07-20 22:52:55.771 I/Xposed  (14554): Found com.baidu.tieba.frs.FrsActivity
07-20 22:52:55.771 I/Xposed  (14554): Found com.baidu.tieba.frs.FrsActivity
07-20 22:52:55.771 I/Xposed  (14554): Found com.baidu.tieba.frs.FrsActivity
07-20 22:52:55.772 I/Xposed  (14554): Found com.baidu.tieba.frs.FrsActivity
07-20 22:52:55.773 I/Xposed  (14554): Found com.baidu.tieba.frs.FrsActivity
07-20 22:52:55.773 I/Xposed  (14554): Found com.baidu.tieba.frs.FrsActivity
07-20 22:52:55.822 I/Xposed  (14554): Found com.baidu.tieba.frs.FrsActivity
07-20 22:52:55.822 I/Xposed  (14554): Found com.baidu.tieba.frs.FrsActivity
07-20 22:52:55.822 I/Xposed  (14554): Found com.baidu.tieba.frs.FrsActivity
07-20 22:52:55.823 I/Xposed  (14554): Found com.baidu.tieba.frs.FrsActivity
07-20 22:52:55.823 I/Xposed  (14554): Found com.baidu.tieba.frs.FrsActivity
07-20 22:52:55.823 I/Xposed  (14554): Found com.baidu.tieba.frs.FrsActivity
07-20 22:52:55.879 I/Xposed  (14554): Found com.baidu.tieba.frs.view.FrsHeaderViewContainer
07-20 22:52:55.880 I/Xposed  (14554): Found com.baidu.tieba.frs.view.FrsHeaderViewContainer
07-20 22:52:55.880 I/Xposed  (14554): Found com.baidu.tieba.frs.view.FrsHeaderViewContainer
07-20 22:52:55.880 I/Xposed  (14554): Found com.baidu.tieba.frs.view.FrsHeaderViewContainer
07-20 22:52:55.880 I/Xposed  (14554): Found com.baidu.tieba.frs.view.FrsHeaderViewContainer
07-20 22:52:55.880 I/Xposed  (14554): Found com.baidu.tieba.frs.view.FrsHeaderViewContainer
07-20 22:52:55.901 I/Xposed  (14554): Found com.baidu.tieba.frs.entelechy.view.EntelechyPullUpRefreshView
07-20 22:52:55.901 I/Xposed  (14554): Found com.baidu.tieba.frs.entelechy.view.EntelechyPullUpRefreshView
07-20 22:52:55.901 I/Xposed  (14554): Found com.baidu.tieba.frs.entelechy.view.EntelechyPullUpRefreshView
07-20 22:52:55.901 I/Xposed  (14554): Found com.baidu.tieba.frs.entelechy.view.EntelechyPullUpRefreshView
07-20 22:52:55.901 I/Xposed  (14554): Found com.baidu.tieba.frs.entelechy.view.EntelechyPullUpRefreshView
07-20 22:52:55.901 I/Xposed  (14554): Found com.baidu.tieba.frs.entelechy.view.EntelechyPullUpRefreshView
07-20 22:52:55.910 I/Xposed  (14554): Found com.baidu.tieba.frs.brand.buttommenu.BottomMenuView
07-20 22:52:55.910 I/Xposed  (14554): Found com.baidu.tieba.frs.brand.buttommenu.BottomMenuView
07-20 22:52:55.910 I/Xposed  (14554): Found com.baidu.tieba.frs.brand.buttommenu.BottomMenuView
07-20 22:52:55.910 I/Xposed  (14554): Found com.baidu.tieba.frs.brand.buttommenu.BottomMenuView
07-20 22:52:55.910 I/Xposed  (14554): Found com.baidu.tieba.frs.brand.buttommenu.BottomMenuView
07-20 22:52:55.910 I/Xposed  (14554): Found com.baidu.tieba.frs.brand.buttommenu.BottomMenuView
07-20 22:52:55.912 I/Xposed  (14554): Found com.baidu.tieba.frs.view.FrsMultiDelBottomMenuView
07-20 22:52:55.912 I/Xposed  (14554): Found com.baidu.tieba.frs.view.FrsMultiDelBottomMenuView
07-20 22:52:55.912 I/Xposed  (14554): Found com.baidu.tieba.frs.view.FrsMultiDelBottomMenuView
07-20 22:52:55.912 I/Xposed  (14554): Found com.baidu.tieba.frs.view.FrsMultiDelBottomMenuView
07-20 22:52:55.912 I/Xposed  (14554): Found com.baidu.tieba.frs.view.FrsMultiDelBottomMenuView
07-20 22:52:55.912 I/Xposed  (14554): Found com.baidu.tieba.frs.view.FrsMultiDelBottomMenuView
07-20 22:52:55.919 I/Xposed  (14554): Found com.baidu.tieba.view.FloatingAnimationView
07-20 22:52:55.919 I/Xposed  (14554): Found com.baidu.tieba.view.FloatingAnimationView
07-20 22:52:55.919 I/Xposed  (14554): Found com.baidu.tieba.view.FloatingAnimationView
07-20 22:52:55.919 I/Xposed  (14554): Found com.baidu.tieba.view.FloatingAnimationView
07-20 22:52:55.919 I/Xposed  (14554): Found com.baidu.tieba.view.FloatingAnimationView
07-20 22:52:55.919 I/Xposed  (14554): Found com.baidu.tieba.view.FloatingAnimationView
07-20 22:52:55.925 I/Xposed  (14554): Found com.baidu.tieba.frs.brand.relationbar.RelationBarView
07-20 22:52:55.925 I/Xposed  (14554): Found com.baidu.tieba.frs.brand.relationbar.RelationBarView
07-20 22:52:55.925 I/Xposed  (14554): Found com.baidu.tieba.frs.brand.relationbar.RelationBarView
07-20 22:52:55.925 I/Xposed  (14554): Found com.baidu.tieba.frs.brand.relationbar.RelationBarView
07-20 22:52:55.925 I/Xposed  (14554): Found com.baidu.tieba.frs.brand.relationbar.RelationBarView
07-20 22:52:55.925 I/Xposed  (14554): Found com.baidu.tieba.frs.brand.relationbar.RelationBarView
07-20 22:52:56.319 I/Xposed  (14554): Found com.baidu.tieba.frs.view.FrsStarRankAndTaskContainer
07-20 22:52:56.319 I/Xposed  (14554): Found com.baidu.tieba.frs.view.FrsStarRankAndTaskContainer
07-20 22:52:56.319 I/Xposed  (14554): Found com.baidu.tieba.frs.view.FrsStarRankAndTaskContainer
07-20 22:52:56.319 I/Xposed  (14554): Found com.baidu.tieba.frs.view.FrsStarRankAndTaskContainer
07-20 22:52:56.319 I/Xposed  (14554): Found com.baidu.tieba.frs.view.FrsStarRankAndTaskContainer
07-20 22:52:56.319 I/Xposed  (14554): Found com.baidu.tieba.frs.view.FrsStarRankAndTaskContainer
07-20 22:52:56.386 I/Xposed  (14554): Found com.baidu.tieba.frs.entelechy.view.FrsHeaderPraiseView
07-20 22:52:56.386 I/Xposed  (14554): Found com.baidu.tieba.frs.entelechy.view.FrsHeaderPraiseView
07-20 22:52:56.386 I/Xposed  (14554): Found com.baidu.tieba.frs.entelechy.view.FrsHeaderPraiseView
07-20 22:52:56.386 I/Xposed  (14554): Found com.baidu.tieba.frs.entelechy.view.FrsHeaderPraiseView
07-20 22:52:56.386 I/Xposed  (14554): Found com.baidu.tieba.frs.entelechy.view.FrsHeaderPraiseView
07-20 22:52:56.386 I/Xposed  (14554): Found com.baidu.tieba.frs.entelechy.view.FrsHeaderPraiseView
07-20 22:52:57.031 I/Xposed  (14554): Found com.baidu.tieba.recapp.view.AdThreadUserInfoLayout
